stm32l4xx_it.c:16:6:TIM1_BRK_IRQHandler	8	static
stm32l4xx_it.c:24:6:TIM1_UP_IRQHandler	8	static
stm32l4xx_it.c:32:6:TIM1_TRG_COM_IRQHandler	8	static
stm32l4xx_it.c:40:6:TIM1_CC_IRQHandler	8	static
stm32l4xx_it.c:51:6:NMI_Handler	4	static
stm32l4xx_it.c:62:6:HardFault_Handler	4	static
stm32l4xx_it.c:73:6:MemManage_Handler	4	static
stm32l4xx_it.c:84:6:BusFault_Handler	4	static
stm32l4xx_it.c:95:6:UsageFault_Handler	4	static
stm32l4xx_it.c:106:6:SVC_Handler	4	static
stm32l4xx_it.c:115:6:DebugMon_Handler	4	static
stm32l4xx_it.c:124:6:PendSV_Handler	4	static
stm32l4xx_it.c:133:6:SysTick_Handler	8	static
